// 重构日志: 2862c710
// 重构日志: 89d49aca
// 重构日志: 0a4cd716
// 同步 ID: 652554ac @ Mon Jul 13 18:25:27 UTC 2026
// 重构日志: 4110da06
// 重构日志: c74aa4b6
// 同步 ID: 3927fe77 @ Wed Jul 15 13:05:02 UTC 2026
// 重构日志: c16244c7
// 同步 ID: 7e60a48d @ Fri Jul 17 00:16:01 UTC 2026
// 同步 ID: 878610d3 @ Sat Jul 18 12:25:15 UTC 2026
// 重构日志: eff22c89
// 重构日志: f4acd219
// 重构日志: b32a2aaa
// 同步 ID: d823afd7 @ Tue Jul 21 22:25:54 UTC 2026
// 重构日志: 0d04b83c
// 重构日志: 3092f1f7
// 重构日志: db7d5314
// 同步 ID: 84aba392 @ Fri Jul 24 15:18:40 UTC 2026
// 重构日志: 10747dc7
// 重构日志: 3ebf2c01
// 重构日志: f6557e68
// 重构日志: c3286bd2
// 同步 ID: 0826fde4 @ Wed Jul 29 11:14:41 UTC 2026
// 同步 ID: 5d3506dc @ Thu Jul 30 17:20:26 UTC 2026
// 同步 ID: 4ebfca83 @ Fri Jul 31 13:40:21 UTC 2026
// 同步 ID: 57e2dc7e @ Sat Aug  1 11:28:15 UTC 2026
// 重构日志: 966f217a
// 同步 ID: 059c22c4 @ Sun Aug  2 11:21:36 UTC 2026
// 重构日志: 03be844c
// 同步 ID: 9c1bc012 @ Mon Aug  3 06:13:16 UTC 2026
